CREATE EXTENSION agensgraph;
SET search_path TO ag_catalog;
SELECT * FROM cypher(NULL) AS r(c text);
ERROR:  unhandled cypher(text) function call
DETAIL:  NULL
SELECT * FROM cypher($$RETURN 0$$) AS r(c text);
ERROR:  unhandled cypher(text) function call
DETAIL:  RETURN 0
